{
    "pipeline_metrics_summary": {
        "content": [
            "qualimap_stats_mqc.csv:md5,c604a5738bdc34e739710e4ab9b2657a"
        ],
        "timestamp": "2025-03-10T15:46:35+0000"
    },
    "pipeline_metrics_summary_percents": {
        "content": [
            "pipeline_metrics_summary_percents.csv:md5,82c262ebe94fc6f9e34c8744ece5beca"
        ],
        "timestamp": "2025-03-10T15:46:35+0000"
    },
    "df_dynamicrange_expression": {
        "content": [
            "df_dynamicrange_expression.tsv:md5,9f588f5ecf0744b7d11a11561f60ed93"
        ],
        "timestamp": "2025-03-10T15:46:35+0000"
    }
}